// Jest Snapshot v1, https://goo.gl/fbAQLP

exports[`Caption on Web renders an image with a caption 1`] = `
<div
  className="rn-alignItems-1oszu61 rn-borderTopStyle-1efd50x rn-borderRightStyle-14skgim rn-borderBottomStyle-rull8r rn-borderLeftStyle-mm0ijv rn-borderTopWidth-13yce4e rn-borderRightWidth-fnigne rn-borderBottomWidth-ndvcnb rn-borderLeftWidth-gxnn5r rn-boxSizing-deolkf rn-display-6koalj rn-flexShrink-1pxmb3b rn-flexBasis-7vfszb rn-flexDirection-eqz5dr rn-marginTop-1mnahxq rn-marginRight-61z16t rn-marginBottom-p1pxzi rn-marginLeft-11wrixw rn-minHeight-ifefl9 rn-minWidth-bcqeeo rn-paddingTop-wk8lta rn-paddingRight-9aemit rn-paddingBottom-1mdbw0j rn-paddingLeft-gy4na3 rn-position-bnwqim rn-zIndex-1lgpqti"
>
  <./image
    aspectRatio={1.7777777777777777}
    uri="https://www.thetimes.co.uk/imageserver/image/methode%2Ftimes%2Fprod%2Fweb%2Fbin%2F7d2fd06c-a460-11e7-8955-1ad2a9a7928d.jpg?crop=1500%2C844%2C0%2C78&resize=685"
  />
  <div
    className="rn-alignItems-1oszu61 rn-borderTopStyle-1efd50x rn-borderRightStyle-14skgim rn-borderBottomStyle-rull8r rn-borderLeftStyle-mm0ijv rn-borderTopWidth-13yce4e rn-borderRightWidth-fnigne rn-borderBottomWidth-ndvcnb rn-borderLeftWidth-gxnn5r rn-boxSizing-deolkf rn-display-6koalj rn-flexShrink-1pxmb3b rn-flexBasis-7vfszb rn-flexDirection-eqz5dr rn-marginTop-1mnahxq rn-marginRight-61z16t rn-marginBottom-p1pxzi rn-marginLeft-11wrixw rn-minHeight-ifefl9 rn-minWidth-bcqeeo rn-paddingRight-9aemit rn-paddingBottom-1mdbw0j rn-paddingLeft-gy4na3 rn-paddingTop-m611by rn-position-bnwqim rn-zIndex-1lgpqti"
  >
    <div
      className="rn-borderTopWidth-13yce4e rn-borderRightWidth-fnigne rn-borderBottomWidth-ndvcnb rn-borderLeftWidth-gxnn5r rn-boxSizing-deolkf rn-color-1x7yru4 rn-display-1471scf rn-font-1lw9tu2 rn-fontFamily-j2s0nr rn-fontSize-n6v787 rn-lineHeight-5fcqz0 rn-marginTop-1mnahxq rn-marginRight-61z16t rn-marginBottom-p1pxzi rn-marginLeft-11wrixw rn-paddingTop-wk8lta rn-paddingRight-9aemit rn-paddingBottom-1mdbw0j rn-paddingLeft-gy4na3 rn-textDecoration-bauka4 rn-whiteSpace-q42fyq rn-wordWrap-qvutc0"
      dir="auto"
    >
      Some caption text goes in here
    </div>
    <div
      className="rn-borderTopWidth-13yce4e rn-borderRightWidth-fnigne rn-borderBottomWidth-ndvcnb rn-borderLeftWidth-gxnn5r rn-boxSizing-deolkf rn-color-102hald rn-display-1471scf rn-font-1lw9tu2 rn-fontFamily-j2s0nr rn-fontSize-qqjak8 rn-fontWeight-16dba41 rn-letterSpacing-ud0q2t rn-lineHeight-5fcqz0 rn-marginTop-1mnahxq rn-marginRight-61z16t rn-marginBottom-p1pxzi rn-marginLeft-11wrixw rn-paddingTop-wk8lta rn-paddingRight-9aemit rn-paddingBottom-1mdbw0j rn-paddingLeft-gy4na3 rn-textDecoration-bauka4 rn-whiteSpace-q42fyq rn-wordWrap-qvutc0"
      dir="auto"
    >
      JUST CREDITS
    </div>
  </div>
</div>
`;

exports[`Caption on Web renders correctly with credits 1`] = `
<div
  className="rn-alignItems-1oszu61 rn-borderTopStyle-1efd50x rn-borderRightStyle-14skgim rn-borderBottomStyle-rull8r rn-borderLeftStyle-mm0ijv rn-borderTopWidth-13yce4e rn-borderRightWidth-fnigne rn-borderBottomWidth-ndvcnb rn-borderLeftWidth-gxnn5r rn-boxSizing-deolkf rn-display-6koalj rn-flexShrink-1pxmb3b rn-flexBasis-7vfszb rn-flexDirection-eqz5dr rn-marginTop-1mnahxq rn-marginRight-61z16t rn-marginBottom-p1pxzi rn-marginLeft-11wrixw rn-minHeight-ifefl9 rn-minWidth-bcqeeo rn-paddingTop-wk8lta rn-paddingRight-9aemit rn-paddingBottom-1mdbw0j rn-paddingLeft-gy4na3 rn-position-bnwqim rn-zIndex-1lgpqti"
>
  <div
    className="rn-alignItems-1oszu61 rn-borderTopStyle-1efd50x rn-borderRightStyle-14skgim rn-borderBottomStyle-rull8r rn-borderLeftStyle-mm0ijv rn-borderTopWidth-13yce4e rn-borderRightWidth-fnigne rn-borderBottomWidth-ndvcnb rn-borderLeftWidth-gxnn5r rn-boxSizing-deolkf rn-display-6koalj rn-flexShrink-1pxmb3b rn-flexBasis-7vfszb rn-flexDirection-eqz5dr rn-marginTop-1mnahxq rn-marginRight-61z16t rn-marginBottom-p1pxzi rn-marginLeft-11wrixw rn-minHeight-ifefl9 rn-minWidth-bcqeeo rn-paddingRight-9aemit rn-paddingBottom-1mdbw0j rn-paddingLeft-gy4na3 rn-paddingTop-m611by rn-position-bnwqim rn-zIndex-1lgpqti"
  >
    <div
      className="rn-borderTopWidth-13yce4e rn-borderRightWidth-fnigne rn-borderBottomWidth-ndvcnb rn-borderLeftWidth-gxnn5r rn-boxSizing-deolkf rn-color-1x7yru4 rn-display-1471scf rn-font-1lw9tu2 rn-fontFamily-j2s0nr rn-fontSize-n6v787 rn-lineHeight-5fcqz0 rn-marginTop-1mnahxq rn-marginRight-61z16t rn-marginBottom-p1pxzi rn-marginLeft-11wrixw rn-paddingTop-wk8lta rn-paddingRight-9aemit rn-paddingBottom-1mdbw0j rn-paddingLeft-gy4na3 rn-textDecoration-bauka4 rn-whiteSpace-q42fyq rn-wordWrap-qvutc0"
      dir="auto"
    >
      Some caption text goes in here
    </div>
    <div
      className="rn-borderTopWidth-13yce4e rn-borderRightWidth-fnigne rn-borderBottomWidth-ndvcnb rn-borderLeftWidth-gxnn5r rn-boxSizing-deolkf rn-color-102hald rn-display-1471scf rn-font-1lw9tu2 rn-fontFamily-j2s0nr rn-fontSize-qqjak8 rn-fontWeight-16dba41 rn-letterSpacing-ud0q2t rn-lineHeight-5fcqz0 rn-marginTop-1mnahxq rn-marginRight-61z16t rn-marginBottom-p1pxzi rn-marginLeft-11wrixw rn-paddingTop-wk8lta rn-paddingRight-9aemit rn-paddingBottom-1mdbw0j rn-paddingLeft-gy4na3 rn-textDecoration-bauka4 rn-whiteSpace-q42fyq rn-wordWrap-qvutc0"
      dir="auto"
    >
      JUST CREDITS
    </div>
  </div>
</div>
`;

exports[`Caption on Web renders correctly with credits only 1`] = `
<div
  className="rn-alignItems-1oszu61 rn-borderTopStyle-1efd50x rn-borderRightStyle-14skgim rn-borderBottomStyle-rull8r rn-borderLeftStyle-mm0ijv rn-borderTopWidth-13yce4e rn-borderRightWidth-fnigne rn-borderBottomWidth-ndvcnb rn-borderLeftWidth-gxnn5r rn-boxSizing-deolkf rn-display-6koalj rn-flexShrink-1pxmb3b rn-flexBasis-7vfszb rn-flexDirection-eqz5dr rn-marginTop-1mnahxq rn-marginRight-61z16t rn-marginBottom-p1pxzi rn-marginLeft-11wrixw rn-minHeight-ifefl9 rn-minWidth-bcqeeo rn-paddingTop-wk8lta rn-paddingRight-9aemit rn-paddingBottom-1mdbw0j rn-paddingLeft-gy4na3 rn-position-bnwqim rn-zIndex-1lgpqti"
>
  <div
    className="rn-alignItems-1oszu61 rn-borderTopStyle-1efd50x rn-borderRightStyle-14skgim rn-borderBottomStyle-rull8r rn-borderLeftStyle-mm0ijv rn-borderTopWidth-13yce4e rn-borderRightWidth-fnigne rn-borderBottomWidth-ndvcnb rn-borderLeftWidth-gxnn5r rn-boxSizing-deolkf rn-display-6koalj rn-flexShrink-1pxmb3b rn-flexBasis-7vfszb rn-flexDirection-eqz5dr rn-marginTop-1mnahxq rn-marginRight-61z16t rn-marginBottom-p1pxzi rn-marginLeft-11wrixw rn-minHeight-ifefl9 rn-minWidth-bcqeeo rn-paddingRight-9aemit rn-paddingBottom-1mdbw0j rn-paddingLeft-gy4na3 rn-paddingTop-m611by rn-position-bnwqim rn-zIndex-1lgpqti"
  >
    <div
      className="rn-borderTopWidth-13yce4e rn-borderRightWidth-fnigne rn-borderBottomWidth-ndvcnb rn-borderLeftWidth-gxnn5r rn-boxSizing-deolkf rn-color-102hald rn-display-1471scf rn-font-1lw9tu2 rn-fontFamily-j2s0nr rn-fontSize-qqjak8 rn-fontWeight-16dba41 rn-letterSpacing-ud0q2t rn-lineHeight-5fcqz0 rn-marginTop-1mnahxq rn-marginRight-61z16t rn-marginBottom-p1pxzi rn-marginLeft-11wrixw rn-paddingTop-wk8lta rn-paddingRight-9aemit rn-paddingBottom-1mdbw0j rn-paddingLeft-gy4na3 rn-textDecoration-bauka4 rn-whiteSpace-q42fyq rn-wordWrap-qvutc0"
      dir="auto"
    >
      JUST CREDITS
    </div>
  </div>
</div>
`;

exports[`Caption on Web renders correctly with specific styles 1`] = `
<div
  className="rn-alignItems-1oszu61 rn-borderTopStyle-1efd50x rn-borderRightStyle-14skgim rn-borderBottomStyle-rull8r rn-borderLeftStyle-mm0ijv rn-borderTopWidth-13yce4e rn-borderRightWidth-fnigne rn-borderBottomWidth-ndvcnb rn-borderLeftWidth-gxnn5r rn-boxSizing-deolkf rn-display-6koalj rn-flexShrink-1pxmb3b rn-flexBasis-7vfszb rn-flexDirection-eqz5dr rn-marginTop-1mnahxq rn-marginRight-61z16t rn-marginBottom-p1pxzi rn-marginLeft-11wrixw rn-minHeight-ifefl9 rn-minWidth-bcqeeo rn-paddingTop-wk8lta rn-paddingRight-9aemit rn-paddingBottom-1mdbw0j rn-paddingLeft-gy4na3 rn-position-bnwqim rn-zIndex-1lgpqti"
>
  <div
    className="rn-alignItems-1oszu61 rn-borderTopStyle-1efd50x rn-borderRightStyle-14skgim rn-borderBottomStyle-rull8r rn-borderLeftStyle-mm0ijv rn-borderTopWidth-13yce4e rn-borderRightWidth-fnigne rn-borderBottomWidth-ndvcnb rn-borderLeftWidth-gxnn5r rn-boxSizing-deolkf rn-display-6koalj rn-flexShrink-1pxmb3b rn-flexBasis-7vfszb rn-flexDirection-eqz5dr rn-marginTop-1mnahxq rn-marginRight-61z16t rn-marginBottom-p1pxzi rn-marginLeft-11wrixw rn-minHeight-ifefl9 rn-minWidth-bcqeeo rn-paddingRight-9aemit rn-paddingBottom-1mdbw0j rn-paddingLeft-gy4na3 rn-paddingTop-m611by rn-position-bnwqim rn-zIndex-1lgpqti"
    style={
      Object {
        "backgroundColor": "red",
      }
    }
  >
    <div
      className="rn-borderTopWidth-13yce4e rn-borderRightWidth-fnigne rn-borderBottomWidth-ndvcnb rn-borderLeftWidth-gxnn5r rn-boxSizing-deolkf rn-display-1471scf rn-font-1lw9tu2 rn-fontFamily-j2s0nr rn-fontSize-n6v787 rn-lineHeight-5fcqz0 rn-marginTop-1mnahxq rn-marginRight-61z16t rn-marginBottom-p1pxzi rn-marginLeft-11wrixw rn-paddingTop-wk8lta rn-paddingRight-9aemit rn-paddingBottom-1mdbw0j rn-paddingLeft-gy4na3 rn-textDecoration-bauka4 rn-whiteSpace-q42fyq rn-wordWrap-qvutc0"
      dir="auto"
      style={
        Object {
          "color": "green",
        }
      }
    >
      Some caption text goes in here
    </div>
    <div
      className="rn-borderTopWidth-13yce4e rn-borderRightWidth-fnigne rn-borderBottomWidth-ndvcnb rn-borderLeftWidth-gxnn5r rn-boxSizing-deolkf rn-display-1471scf rn-font-1lw9tu2 rn-fontFamily-j2s0nr rn-fontSize-qqjak8 rn-fontWeight-16dba41 rn-letterSpacing-ud0q2t rn-lineHeight-5fcqz0 rn-marginTop-1mnahxq rn-marginRight-61z16t rn-marginBottom-p1pxzi rn-marginLeft-11wrixw rn-paddingTop-wk8lta rn-paddingRight-9aemit rn-paddingBottom-1mdbw0j rn-paddingLeft-gy4na3 rn-textDecoration-bauka4 rn-whiteSpace-q42fyq rn-wordWrap-qvutc0"
      dir="auto"
      style={
        Object {
          "color": "green",
        }
      }
    >
      JUST CREDITS
    </div>
  </div>
</div>
`;

exports[`Caption on Web renders correctly without credits 1`] = `
<div
  className="rn-alignItems-1oszu61 rn-borderTopStyle-1efd50x rn-borderRightStyle-14skgim rn-borderBottomStyle-rull8r rn-borderLeftStyle-mm0ijv rn-borderTopWidth-13yce4e rn-borderRightWidth-fnigne rn-borderBottomWidth-ndvcnb rn-borderLeftWidth-gxnn5r rn-boxSizing-deolkf rn-display-6koalj rn-flexShrink-1pxmb3b rn-flexBasis-7vfszb rn-flexDirection-eqz5dr rn-marginTop-1mnahxq rn-marginRight-61z16t rn-marginBottom-p1pxzi rn-marginLeft-11wrixw rn-minHeight-ifefl9 rn-minWidth-bcqeeo rn-paddingTop-wk8lta rn-paddingRight-9aemit rn-paddingBottom-1mdbw0j rn-paddingLeft-gy4na3 rn-position-bnwqim rn-zIndex-1lgpqti"
>
  <div
    className="rn-alignItems-1oszu61 rn-borderTopStyle-1efd50x rn-borderRightStyle-14skgim rn-borderBottomStyle-rull8r rn-borderLeftStyle-mm0ijv rn-borderTopWidth-13yce4e rn-borderRightWidth-fnigne rn-borderBottomWidth-ndvcnb rn-borderLeftWidth-gxnn5r rn-boxSizing-deolkf rn-display-6koalj rn-flexShrink-1pxmb3b rn-flexBasis-7vfszb rn-flexDirection-eqz5dr rn-marginTop-1mnahxq rn-marginRight-61z16t rn-marginBottom-p1pxzi rn-marginLeft-11wrixw rn-minHeight-ifefl9 rn-minWidth-bcqeeo rn-paddingRight-9aemit rn-paddingBottom-1mdbw0j rn-paddingLeft-gy4na3 rn-paddingTop-m611by rn-position-bnwqim rn-zIndex-1lgpqti"
  >
    <div
      className="rn-borderTopWidth-13yce4e rn-borderRightWidth-fnigne rn-borderBottomWidth-ndvcnb rn-borderLeftWidth-gxnn5r rn-boxSizing-deolkf rn-color-1x7yru4 rn-display-1471scf rn-font-1lw9tu2 rn-fontFamily-j2s0nr rn-fontSize-n6v787 rn-lineHeight-5fcqz0 rn-marginTop-1mnahxq rn-marginRight-61z16t rn-marginBottom-p1pxzi rn-marginLeft-11wrixw rn-paddingTop-wk8lta rn-paddingRight-9aemit rn-paddingBottom-1mdbw0j rn-paddingLeft-gy4na3 rn-textDecoration-bauka4 rn-whiteSpace-q42fyq rn-wordWrap-qvutc0"
      dir="auto"
    >
      Some caption text goes in here
    </div>
  </div>
</div>
`;
