// Jest Snapshot v1, https://goo.gl/fbAQLP

exports[`Brightcove tests on web brightcove-video web component renders correctly 1`] = `
<div>
  <video
    autoPlay={false}
    className="video-js"
    controls={true}
    data-account="[ACCOUNT_ID]"
    data-application-id={true}
    data-embed="default"
    data-player="default"
    data-video-id="[VIDEO_ID]"
    id="[VIDEO_ID]-[ACCOUNT_ID]-1"
    style={
      Object {
        "height": 180,
        "width": 320,
      }
    }
  />
</div>
`;

exports[`Brightcove tests on web brightcove-video web component renders correctly with a poster 1`] = `
<div>
  <video
    autoPlay={false}
    className="video-js"
    controls={true}
    data-account="[ACCOUNT_ID]"
    data-application-id={true}
    data-embed="default"
    data-player="default"
    data-video-id="[VIDEO_ID]"
    id="[VIDEO_ID]-[ACCOUNT_ID]-2"
    poster="[POSTER_URI]"
    style={
      Object {
        "height": 180,
        "width": 320,
      }
    }
  />
</div>
`;

exports[`Brightcove tests on web renders poster correctly before launch 1`] = `
<div
  className="rn-alignItems-1oszu61 rn-borderTopStyle-1efd50x rn-borderRightStyle-14skgim rn-borderBottomStyle-rull8r rn-borderLeftStyle-mm0ijv rn-borderTopWidth-13yce4e rn-borderRightWidth-fnigne rn-borderBottomWidth-ndvcnb rn-borderLeftWidth-gxnn5r rn-boxSizing-deolkf rn-cursor-1loqt21 rn-display-6koalj rn-flexShrink-1pxmb3b rn-flexBasis-7vfszb rn-flexDirection-eqz5dr rn-marginTop-1mnahxq rn-marginRight-61z16t rn-marginBottom-p1pxzi rn-marginLeft-11wrixw rn-minHeight-ifefl9 rn-minWidth-bcqeeo rn-paddingTop-wk8lta rn-paddingRight-9aemit rn-paddingBottom-1mdbw0j rn-paddingLeft-gy4na3 rn-position-bnwqim rn-touchAction-1gvxusu rn-zIndex-1lgpqti"
  onKeyDown={[Function]}
  onKeyUp={[Function]}
  onResponderGrant={[Function]}
  onResponderMove={[Function]}
  onResponderRelease={[Function]}
  onResponderTerminate={[Function]}
  onResponderTerminationRequest={[Function]}
  onStartShouldSetResponder={[Function]}
  style={
    Object {
      "height": "180px",
      "width": "320px",
    }
  }
  tabIndex="0"
>
  <div
    aria-label="splash-component"
    className="rn-alignItems-1oszu61 rn-borderTopStyle-1efd50x rn-borderRightStyle-14skgim rn-borderBottomStyle-rull8r rn-borderLeftStyle-mm0ijv rn-borderTopWidth-13yce4e rn-borderRightWidth-fnigne rn-borderBottomWidth-ndvcnb rn-borderLeftWidth-gxnn5r rn-boxSizing-deolkf rn-display-6koalj rn-flexShrink-1pxmb3b rn-flexBasis-7vfszb rn-flexDirection-eqz5dr rn-marginTop-1mnahxq rn-marginRight-61z16t rn-marginBottom-p1pxzi rn-marginLeft-11wrixw rn-minHeight-ifefl9 rn-minWidth-bcqeeo rn-paddingTop-wk8lta rn-paddingRight-9aemit rn-paddingBottom-1mdbw0j rn-paddingLeft-gy4na3 rn-position-bnwqim rn-zIndex-1lgpqti"
    data-testid="splash-component"
  >
    <div
      className="rn-alignItems-1oszu61 rn-backgroundColor-wib322 rn-backgroundPosition-vvn4in rn-backgroundRepeat-u6sd8q rn-backgroundSize-4gszlv rn-borderTopStyle-1efd50x rn-borderRightStyle-14skgim rn-borderBottomStyle-rull8r rn-borderLeftStyle-mm0ijv rn-borderTopWidth-13yce4e rn-borderRightWidth-fnigne rn-borderBottomWidth-ndvcnb rn-borderLeftWidth-gxnn5r rn-boxSizing-deolkf rn-display-6koalj rn-flexShrink-1pxmb3b rn-flexBasis-7vfszb rn-flexDirection-eqz5dr rn-marginTop-1mnahxq rn-marginRight-61z16t rn-marginBottom-p1pxzi rn-marginLeft-11wrixw rn-minHeight-ifefl9 rn-minWidth-bcqeeo rn-paddingTop-wk8lta rn-paddingRight-9aemit rn-paddingBottom-1mdbw0j rn-paddingLeft-gy4na3 rn-position-bnwqim rn-zIndex-1lgpqti"
      style={
        Object {
          "backgroundImage": "url(\\"data:image/gif;base64,R0lGODlhAQABAIAAAAUEBAAAACwAAAAAAQABAAACAkQBADs=\\")",
          "height": "180px",
          "width": "320px",
        }
      }
    >
      <img
        alt=""
        className="rn-bottom-1p0dtai rn-height-1pi2tsx rn-left-1d2f490 rn-opacity-1272l3b rn-position-u8s1d rn-right-zchlnj rn-top-ipm5af rn-width-13qz1uu rn-zIndex-1wyyakw"
        draggable={undefined}
        src="data:image/gif;base64,R0lGODlhAQABAIAAAAUEBAAAACwAAAAAAQABAAACAkQBADs="
      />
    </div>
    <div
      className="rn-alignItems-1awozwy rn-borderTopStyle-1efd50x rn-borderRightStyle-14skgim rn-borderBottomStyle-rull8r rn-borderLeftStyle-mm0ijv rn-borderTopWidth-13yce4e rn-borderRightWidth-fnigne rn-borderBottomWidth-ndvcnb rn-borderLeftWidth-gxnn5r rn-boxSizing-deolkf rn-display-6koalj rn-flex-13awgt0 rn-flexGrow-1m1wadx rn-flexShrink-1awmn5t rn-flexDirection-eqz5dr rn-justifyContent-1777fci rn-left-1d2f490 rn-marginTop-1mnahxq rn-marginRight-61z16t rn-marginBottom-p1pxzi rn-marginLeft-11wrixw rn-minHeight-ifefl9 rn-minWidth-bcqeeo rn-paddingTop-wk8lta rn-paddingRight-9aemit rn-paddingBottom-1mdbw0j rn-paddingLeft-gy4na3 rn-position-u8s1d rn-top-ipm5af rn-zIndex-1lgpqti"
      style={
        Object {
          "height": "180px",
          "width": "320px",
        }
      }
    >
      <div
        className="rn-alignItems-1oszu61 rn-borderTopStyle-1efd50x rn-borderRightStyle-14skgim rn-borderBottomStyle-rull8r rn-borderLeftStyle-mm0ijv rn-borderTopWidth-13yce4e rn-borderRightWidth-fnigne rn-borderBottomWidth-ndvcnb rn-borderLeftWidth-gxnn5r rn-boxSizing-deolkf rn-display-6koalj rn-flexShrink-1pxmb3b rn-flexBasis-7vfszb rn-flexDirection-eqz5dr rn-marginTop-1mnahxq rn-marginRight-61z16t rn-marginBottom-p1pxzi rn-marginLeft-11wrixw rn-minHeight-ifefl9 rn-minWidth-bcqeeo rn-paddingTop-wk8lta rn-paddingRight-9aemit rn-paddingBottom-1mdbw0j rn-paddingLeft-gy4na3 rn-position-bnwqim rn-zIndex-1lgpqti"
      >
        <svg
          height={70}
          style={Object {}}
          viewBox="0 0 100 100"
          width={70}
        >
          <rect
            fill="rgba(0,0,0)"
            fillOpacity="0.4"
            height="100"
            stroke="rgb(255,255,255)"
            strokeWidth="8"
            style={Object {}}
            width="100"
          />
          <polygon
            fill="rgb(255,255,255)"
            points="30,20 70,50 30,80"
            style={Object {}}
          />
        </svg>
      </div>
    </div>
  </div>
</div>
`;

exports[`Brightcove tests on web renders poster with custom play icon if specified 1`] = `
<div
  className="rn-alignItems-1oszu61 rn-borderTopStyle-1efd50x rn-borderRightStyle-14skgim rn-borderBottomStyle-rull8r rn-borderLeftStyle-mm0ijv rn-borderTopWidth-13yce4e rn-borderRightWidth-fnigne rn-borderBottomWidth-ndvcnb rn-borderLeftWidth-gxnn5r rn-boxSizing-deolkf rn-cursor-1loqt21 rn-display-6koalj rn-flexShrink-1pxmb3b rn-flexBasis-7vfszb rn-flexDirection-eqz5dr rn-marginTop-1mnahxq rn-marginRight-61z16t rn-marginBottom-p1pxzi rn-marginLeft-11wrixw rn-minHeight-ifefl9 rn-minWidth-bcqeeo rn-paddingTop-wk8lta rn-paddingRight-9aemit rn-paddingBottom-1mdbw0j rn-paddingLeft-gy4na3 rn-position-bnwqim rn-touchAction-1gvxusu rn-zIndex-1lgpqti"
  onKeyDown={[Function]}
  onKeyUp={[Function]}
  onResponderGrant={[Function]}
  onResponderMove={[Function]}
  onResponderRelease={[Function]}
  onResponderTerminate={[Function]}
  onResponderTerminationRequest={[Function]}
  onStartShouldSetResponder={[Function]}
  style={
    Object {
      "height": "180px",
      "width": "320px",
    }
  }
  tabIndex="0"
>
  <div
    aria-label="splash-component"
    className="rn-alignItems-1oszu61 rn-borderTopStyle-1efd50x rn-borderRightStyle-14skgim rn-borderBottomStyle-rull8r rn-borderLeftStyle-mm0ijv rn-borderTopWidth-13yce4e rn-borderRightWidth-fnigne rn-borderBottomWidth-ndvcnb rn-borderLeftWidth-gxnn5r rn-boxSizing-deolkf rn-display-6koalj rn-flexShrink-1pxmb3b rn-flexBasis-7vfszb rn-flexDirection-eqz5dr rn-marginTop-1mnahxq rn-marginRight-61z16t rn-marginBottom-p1pxzi rn-marginLeft-11wrixw rn-minHeight-ifefl9 rn-minWidth-bcqeeo rn-paddingTop-wk8lta rn-paddingRight-9aemit rn-paddingBottom-1mdbw0j rn-paddingLeft-gy4na3 rn-position-bnwqim rn-zIndex-1lgpqti"
    data-testid="splash-component"
  >
    <div
      className="rn-alignItems-1oszu61 rn-backgroundColor-wib322 rn-backgroundPosition-vvn4in rn-backgroundRepeat-u6sd8q rn-backgroundSize-4gszlv rn-borderTopStyle-1efd50x rn-borderRightStyle-14skgim rn-borderBottomStyle-rull8r rn-borderLeftStyle-mm0ijv rn-borderTopWidth-13yce4e rn-borderRightWidth-fnigne rn-borderBottomWidth-ndvcnb rn-borderLeftWidth-gxnn5r rn-boxSizing-deolkf rn-display-6koalj rn-flexShrink-1pxmb3b rn-flexBasis-7vfszb rn-flexDirection-eqz5dr rn-marginTop-1mnahxq rn-marginRight-61z16t rn-marginBottom-p1pxzi rn-marginLeft-11wrixw rn-minHeight-ifefl9 rn-minWidth-bcqeeo rn-paddingTop-wk8lta rn-paddingRight-9aemit rn-paddingBottom-1mdbw0j rn-paddingLeft-gy4na3 rn-position-bnwqim rn-zIndex-1lgpqti"
      style={
        Object {
          "backgroundImage": "url(\\"data:image/gif;base64,R0lGODlhAQABAIAAAAUEBAAAACwAAAAAAQABAAACAkQBADs=\\")",
          "height": "180px",
          "width": "320px",
        }
      }
    >
      <img
        alt=""
        className="rn-bottom-1p0dtai rn-height-1pi2tsx rn-left-1d2f490 rn-opacity-1272l3b rn-position-u8s1d rn-right-zchlnj rn-top-ipm5af rn-width-13qz1uu rn-zIndex-1wyyakw"
        draggable={undefined}
        src="data:image/gif;base64,R0lGODlhAQABAIAAAAUEBAAAACwAAAAAAQABAAACAkQBADs="
      />
    </div>
    <div
      className="rn-alignItems-1awozwy rn-borderTopStyle-1efd50x rn-borderRightStyle-14skgim rn-borderBottomStyle-rull8r rn-borderLeftStyle-mm0ijv rn-borderTopWidth-13yce4e rn-borderRightWidth-fnigne rn-borderBottomWidth-ndvcnb rn-borderLeftWidth-gxnn5r rn-boxSizing-deolkf rn-display-6koalj rn-flex-13awgt0 rn-flexGrow-1m1wadx rn-flexShrink-1awmn5t rn-flexDirection-eqz5dr rn-justifyContent-1777fci rn-left-1d2f490 rn-marginTop-1mnahxq rn-marginRight-61z16t rn-marginBottom-p1pxzi rn-marginLeft-11wrixw rn-minHeight-ifefl9 rn-minWidth-bcqeeo rn-paddingTop-wk8lta rn-paddingRight-9aemit rn-paddingBottom-1mdbw0j rn-paddingLeft-gy4na3 rn-position-u8s1d rn-top-ipm5af rn-zIndex-1lgpqti"
      style={
        Object {
          "height": "180px",
          "width": "320px",
        }
      }
    >
      <div
        className="rn-alignItems-1oszu61 rn-borderTopStyle-1efd50x rn-borderRightStyle-14skgim rn-borderBottomStyle-rull8r rn-borderLeftStyle-mm0ijv rn-borderTopWidth-13yce4e rn-borderRightWidth-fnigne rn-borderBottomWidth-ndvcnb rn-borderLeftWidth-gxnn5r rn-boxSizing-deolkf rn-display-6koalj rn-flexShrink-1pxmb3b rn-flexBasis-7vfszb rn-flexDirection-eqz5dr rn-marginTop-1mnahxq rn-marginRight-61z16t rn-marginBottom-p1pxzi rn-marginLeft-11wrixw rn-minHeight-ifefl9 rn-minWidth-bcqeeo rn-paddingTop-wk8lta rn-paddingRight-9aemit rn-paddingBottom-1mdbw0j rn-paddingLeft-gy4na3 rn-position-bnwqim rn-zIndex-1lgpqti"
      >
        <span
          aria-label="play-video"
          role="img"
        >
          ▶️
        </span>
      </div>
    </div>
  </div>
</div>
`;

exports[`Brightcove tests on web will handle an error properly 1`] = `
<div
  aria-label="error-component"
  className="rn-alignItems-1oszu61 rn-borderTopStyle-1efd50x rn-borderRightStyle-14skgim rn-borderBottomStyle-rull8r rn-borderLeftStyle-mm0ijv rn-borderTopWidth-13yce4e rn-borderRightWidth-fnigne rn-borderBottomWidth-ndvcnb rn-borderLeftWidth-gxnn5r rn-boxSizing-deolkf rn-display-6koalj rn-flexShrink-1pxmb3b rn-flexBasis-7vfszb rn-flexDirection-eqz5dr rn-marginTop-1mnahxq rn-marginRight-61z16t rn-marginBottom-p1pxzi rn-marginLeft-11wrixw rn-minHeight-ifefl9 rn-minWidth-bcqeeo rn-paddingTop-wk8lta rn-paddingRight-9aemit rn-paddingBottom-1mdbw0j rn-paddingLeft-gy4na3 rn-position-bnwqim rn-zIndex-1lgpqti"
  data-testid="error-component"
>
  <div
    className="rn-alignItems-1oszu61 rn-backgroundColor-wib322 rn-backgroundPosition-vvn4in rn-backgroundRepeat-u6sd8q rn-backgroundSize-4gszlv rn-borderTopStyle-1efd50x rn-borderRightStyle-14skgim rn-borderBottomStyle-rull8r rn-borderLeftStyle-mm0ijv rn-borderTopWidth-13yce4e rn-borderRightWidth-fnigne rn-borderBottomWidth-ndvcnb rn-borderLeftWidth-gxnn5r rn-boxSizing-deolkf rn-display-6koalj rn-flexShrink-1pxmb3b rn-flexBasis-7vfszb rn-flexDirection-eqz5dr rn-marginTop-1mnahxq rn-marginRight-61z16t rn-marginBottom-p1pxzi rn-marginLeft-11wrixw rn-minHeight-ifefl9 rn-minWidth-bcqeeo rn-paddingTop-wk8lta rn-paddingRight-9aemit rn-paddingBottom-1mdbw0j rn-paddingLeft-gy4na3 rn-position-bnwqim rn-zIndex-1lgpqti"
    style={
      Object {
        "backgroundImage": "url(\\"data:image/gif;base64,R0lGODlhAQABAIAAAAUEBAAAACwAAAAAAQABAAACAkQBADs=\\")",
        "height": "180px",
        "width": "320px",
      }
    }
  >
    <img
      alt=""
      className="rn-bottom-1p0dtai rn-height-1pi2tsx rn-left-1d2f490 rn-opacity-1272l3b rn-position-u8s1d rn-right-zchlnj rn-top-ipm5af rn-width-13qz1uu rn-zIndex-1wyyakw"
      draggable={undefined}
      src="data:image/gif;base64,R0lGODlhAQABAIAAAAUEBAAAACwAAAAAAQABAAACAkQBADs="
    />
  </div>
  <div
    className="rn-alignItems-1awozwy rn-backgroundColor-1tgg629 rn-borderTopStyle-1efd50x rn-borderRightStyle-14skgim rn-borderBottomStyle-rull8r rn-borderLeftStyle-mm0ijv rn-borderTopWidth-13yce4e rn-borderRightWidth-fnigne rn-borderBottomWidth-ndvcnb rn-borderLeftWidth-gxnn5r rn-boxSizing-deolkf rn-display-6koalj rn-flex-13awgt0 rn-flexGrow-1m1wadx rn-flexShrink-1awmn5t rn-flexDirection-eqz5dr rn-justifyContent-1777fci rn-left-1d2f490 rn-marginTop-1mnahxq rn-marginRight-61z16t rn-marginBottom-p1pxzi rn-marginLeft-11wrixw rn-minHeight-ifefl9 rn-minWidth-bcqeeo rn-paddingTop-wk8lta rn-paddingRight-9aemit rn-paddingBottom-1mdbw0j rn-paddingLeft-gy4na3 rn-position-u8s1d rn-top-ipm5af rn-zIndex-1lgpqti"
    style={
      Object {
        "height": "180px",
        "width": "320px",
      }
    }
  >
    <div
      className="rn-borderTopWidth-13yce4e rn-borderRightWidth-fnigne rn-borderBottomWidth-ndvcnb rn-borderLeftWidth-gxnn5r rn-boxSizing-deolkf rn-color-13p8erv rn-display-1471scf rn-font-1lw9tu2 rn-fontFamily-iirzy8 rn-fontSize-adyw6z rn-marginTop-1mnahxq rn-marginRight-61z16t rn-marginLeft-11wrixw rn-marginBottom-d0pm55 rn-paddingTop-wk8lta rn-paddingRight-9aemit rn-paddingBottom-1mdbw0j rn-paddingLeft-gy4na3 rn-textDecoration-bauka4 rn-whiteSpace-q42fyq rn-wordWrap-qvutc0"
      dir="auto"
    >
      Something’s gone wrong
    </div>
    <div
      className="rn-borderTopWidth-13yce4e rn-borderRightWidth-fnigne rn-borderBottomWidth-ndvcnb rn-borderLeftWidth-gxnn5r rn-boxSizing-deolkf rn-color-13p8erv rn-display-1471scf rn-font-1lw9tu2 rn-fontFamily-1feecvn rn-fontSize-1b43r93 rn-marginTop-1mnahxq rn-marginRight-61z16t rn-marginLeft-11wrixw rn-marginBottom-ku1wi2 rn-opacity-1g80hic rn-paddingTop-wk8lta rn-paddingRight-9aemit rn-paddingBottom-1mdbw0j rn-paddingLeft-gy4na3 rn-textAlign-q4m81j rn-textDecoration-bauka4 rn-whiteSpace-q42fyq rn-wordWrap-qvutc0"
      dir="auto"
    >
      Please check your network connection
      

      and tap retry to continue
    </div>
    <div
      className="rn-alignItems-1oszu61 rn-borderTopStyle-1efd50x rn-borderRightStyle-14skgim rn-borderBottomStyle-rull8r rn-borderLeftStyle-mm0ijv rn-borderTopWidth-13yce4e rn-borderRightWidth-fnigne rn-borderBottomWidth-ndvcnb rn-borderLeftWidth-gxnn5r rn-boxSizing-deolkf rn-cursor-1loqt21 rn-display-6koalj rn-flexShrink-1pxmb3b rn-flexBasis-7vfszb rn-flexDirection-eqz5dr rn-marginTop-1mnahxq rn-marginRight-61z16t rn-marginBottom-p1pxzi rn-marginLeft-11wrixw rn-minHeight-ifefl9 rn-minWidth-bcqeeo rn-paddingTop-wk8lta rn-paddingRight-9aemit rn-paddingBottom-1mdbw0j rn-paddingLeft-gy4na3 rn-position-bnwqim rn-touchAction-1gvxusu rn-transitionDuration-eafdt9 rn-transitionProperty-1i6wzkk rn-userSelect-lrvibr rn-zIndex-1lgpqti"
      onKeyDown={[Function]}
      onKeyUp={[Function]}
      onResponderGrant={[Function]}
      onResponderMove={[Function]}
      onResponderRelease={[Function]}
      onResponderTerminate={[Function]}
      onResponderTerminationRequest={[Function]}
      onStartShouldSetResponder={[Function]}
      tabIndex="0"
    >
      <div
        className="rn-alignItems-1oszu61 rn-backgroundColor-liz7hw rn-borderTopLeftRadius-1iymjk7 rn-borderTopRightRadius-s2skl2 rn-borderBottomRightRadius-l5bh9y rn-borderBottomLeftRadius-101sy47 rn-borderTopStyle-1efd50x rn-borderRightStyle-14skgim rn-borderBottomStyle-rull8r rn-borderLeftStyle-mm0ijv rn-borderTopWidth-13yce4e rn-borderRightWidth-fnigne rn-borderBottomWidth-ndvcnb rn-borderLeftWidth-gxnn5r rn-boxSizing-deolkf rn-display-6koalj rn-flexShrink-1pxmb3b rn-flexBasis-7vfszb rn-flexDirection-18u37iz rn-marginTop-1mnahxq rn-marginRight-61z16t rn-marginBottom-p1pxzi rn-marginLeft-11wrixw rn-minHeight-ifefl9 rn-minWidth-bcqeeo rn-paddingTop-ttdzmv rn-paddingRight-i023vh rn-paddingBottom-kzbkwu rn-paddingLeft-1qhn6m8 rn-position-bnwqim rn-zIndex-1lgpqti"
      >
        <svg
          height={17.099999999999998}
          style={Object {}}
          viewBox="0 0 100 114"
          width={15}
        >
          <circle
            cx={50}
            cy={64}
            fill="none"
            r={43}
            stroke="white"
            strokeDasharray={202.63272615654165}
            strokeWidth={14}
            style={Object {}}
          />
          <path
            d="M50 0 L 85 21 L 50 42z"
            fill="white"
            style={Object {}}
          />
        </svg>
        <div
          className="rn-borderTopWidth-13yce4e rn-borderRightWidth-fnigne rn-borderBottomWidth-ndvcnb rn-borderLeftWidth-gxnn5r rn-boxSizing-deolkf rn-color-13p8erv rn-display-1471scf rn-font-1lw9tu2 rn-fontFamily-j2s0nr rn-fontSize-n6v787 rn-letterSpacing-ud0q2t rn-lineHeight-fxxt2n rn-marginTop-1mnahxq rn-marginRight-61z16t rn-marginBottom-p1pxzi rn-marginLeft-11wrixw rn-paddingTop-wk8lta rn-paddingRight-9aemit rn-paddingBottom-1mdbw0j rn-paddingLeft-qhyqy2 rn-position-bnwqim rn-textDecoration-bauka4 rn-top-14eup4l rn-whiteSpace-q42fyq rn-wordWrap-qvutc0"
          dir="auto"
        >
          RETRY
        </div>
      </div>
    </div>
  </div>
</div>
`;

exports[`Brightcove tests on web will launch if play is called 1`] = `
<div>
  <video
    autoPlay={true}
    className="video-js"
    controls={true}
    data-account="[ACCOUNT_ID]"
    data-application-id={true}
    data-embed="default"
    data-player="default"
    data-video-id="[VIDEO_ID]"
    id="[VIDEO_ID]-[ACCOUNT_ID]-25"
    poster="data:image/gif;base64,R0lGODlhAQABAIAAAAUEBAAAACwAAAAAAQABAAACAkQBADs="
    style={
      Object {
        "height": 180,
        "width": 320,
      }
    }
  />
</div>
`;

exports[`Brightcove tests on web will reset if 'resetOnFinish' is true & video finishes 1`] = `
<div
  className="rn-alignItems-1oszu61 rn-borderTopStyle-1efd50x rn-borderRightStyle-14skgim rn-borderBottomStyle-rull8r rn-borderLeftStyle-mm0ijv rn-borderTopWidth-13yce4e rn-borderRightWidth-fnigne rn-borderBottomWidth-ndvcnb rn-borderLeftWidth-gxnn5r rn-boxSizing-deolkf rn-cursor-1loqt21 rn-display-6koalj rn-flexShrink-1pxmb3b rn-flexBasis-7vfszb rn-flexDirection-eqz5dr rn-marginTop-1mnahxq rn-marginRight-61z16t rn-marginBottom-p1pxzi rn-marginLeft-11wrixw rn-minHeight-ifefl9 rn-minWidth-bcqeeo rn-paddingTop-wk8lta rn-paddingRight-9aemit rn-paddingBottom-1mdbw0j rn-paddingLeft-gy4na3 rn-position-bnwqim rn-touchAction-1gvxusu rn-zIndex-1lgpqti"
  onKeyDown={[Function]}
  onKeyUp={[Function]}
  onResponderGrant={[Function]}
  onResponderMove={[Function]}
  onResponderRelease={[Function]}
  onResponderTerminate={[Function]}
  onResponderTerminationRequest={[Function]}
  onStartShouldSetResponder={[Function]}
  style={
    Object {
      "height": "180px",
      "width": "320px",
    }
  }
  tabIndex="0"
>
  <div
    aria-label="splash-component"
    className="rn-alignItems-1oszu61 rn-borderTopStyle-1efd50x rn-borderRightStyle-14skgim rn-borderBottomStyle-rull8r rn-borderLeftStyle-mm0ijv rn-borderTopWidth-13yce4e rn-borderRightWidth-fnigne rn-borderBottomWidth-ndvcnb rn-borderLeftWidth-gxnn5r rn-boxSizing-deolkf rn-display-6koalj rn-flexShrink-1pxmb3b rn-flexBasis-7vfszb rn-flexDirection-eqz5dr rn-marginTop-1mnahxq rn-marginRight-61z16t rn-marginBottom-p1pxzi rn-marginLeft-11wrixw rn-minHeight-ifefl9 rn-minWidth-bcqeeo rn-paddingTop-wk8lta rn-paddingRight-9aemit rn-paddingBottom-1mdbw0j rn-paddingLeft-gy4na3 rn-position-bnwqim rn-zIndex-1lgpqti"
    data-testid="splash-component"
  >
    <div
      className="rn-alignItems-1oszu61 rn-backgroundColor-wib322 rn-backgroundPosition-vvn4in rn-backgroundRepeat-u6sd8q rn-backgroundSize-4gszlv rn-borderTopStyle-1efd50x rn-borderRightStyle-14skgim rn-borderBottomStyle-rull8r rn-borderLeftStyle-mm0ijv rn-borderTopWidth-13yce4e rn-borderRightWidth-fnigne rn-borderBottomWidth-ndvcnb rn-borderLeftWidth-gxnn5r rn-boxSizing-deolkf rn-display-6koalj rn-flexShrink-1pxmb3b rn-flexBasis-7vfszb rn-flexDirection-eqz5dr rn-marginTop-1mnahxq rn-marginRight-61z16t rn-marginBottom-p1pxzi rn-marginLeft-11wrixw rn-minHeight-ifefl9 rn-minWidth-bcqeeo rn-paddingTop-wk8lta rn-paddingRight-9aemit rn-paddingBottom-1mdbw0j rn-paddingLeft-gy4na3 rn-position-bnwqim rn-zIndex-1lgpqti"
      style={
        Object {
          "backgroundImage": "url(\\"data:image/gif;base64,R0lGODlhAQABAIAAAAUEBAAAACwAAAAAAQABAAACAkQBADs=\\")",
          "height": "180px",
          "width": "320px",
        }
      }
    >
      <img
        alt=""
        className="rn-bottom-1p0dtai rn-height-1pi2tsx rn-left-1d2f490 rn-opacity-1272l3b rn-position-u8s1d rn-right-zchlnj rn-top-ipm5af rn-width-13qz1uu rn-zIndex-1wyyakw"
        draggable={undefined}
        src="data:image/gif;base64,R0lGODlhAQABAIAAAAUEBAAAACwAAAAAAQABAAACAkQBADs="
      />
    </div>
    <div
      className="rn-alignItems-1awozwy rn-borderTopStyle-1efd50x rn-borderRightStyle-14skgim rn-borderBottomStyle-rull8r rn-borderLeftStyle-mm0ijv rn-borderTopWidth-13yce4e rn-borderRightWidth-fnigne rn-borderBottomWidth-ndvcnb rn-borderLeftWidth-gxnn5r rn-boxSizing-deolkf rn-display-6koalj rn-flex-13awgt0 rn-flexGrow-1m1wadx rn-flexShrink-1awmn5t rn-flexDirection-eqz5dr rn-justifyContent-1777fci rn-left-1d2f490 rn-marginTop-1mnahxq rn-marginRight-61z16t rn-marginBottom-p1pxzi rn-marginLeft-11wrixw rn-minHeight-ifefl9 rn-minWidth-bcqeeo rn-paddingTop-wk8lta rn-paddingRight-9aemit rn-paddingBottom-1mdbw0j rn-paddingLeft-gy4na3 rn-position-u8s1d rn-top-ipm5af rn-zIndex-1lgpqti"
      style={
        Object {
          "height": "180px",
          "width": "320px",
        }
      }
    >
      <div
        className="rn-alignItems-1oszu61 rn-borderTopStyle-1efd50x rn-borderRightStyle-14skgim rn-borderBottomStyle-rull8r rn-borderLeftStyle-mm0ijv rn-borderTopWidth-13yce4e rn-borderRightWidth-fnigne rn-borderBottomWidth-ndvcnb rn-borderLeftWidth-gxnn5r rn-boxSizing-deolkf rn-display-6koalj rn-flexShrink-1pxmb3b rn-flexBasis-7vfszb rn-flexDirection-eqz5dr rn-marginTop-1mnahxq rn-marginRight-61z16t rn-marginBottom-p1pxzi rn-marginLeft-11wrixw rn-minHeight-ifefl9 rn-minWidth-bcqeeo rn-paddingTop-wk8lta rn-paddingRight-9aemit rn-paddingBottom-1mdbw0j rn-paddingLeft-gy4na3 rn-position-bnwqim rn-zIndex-1lgpqti"
      >
        <svg
          height={70}
          style={Object {}}
          viewBox="0 0 100 100"
          width={70}
        >
          <rect
            fill="rgba(0,0,0)"
            fillOpacity="0.4"
            height="100"
            stroke="rgb(255,255,255)"
            strokeWidth="8"
            style={Object {}}
            width="100"
          />
          <polygon
            fill="rgb(255,255,255)"
            points="30,20 70,50 30,80"
            style={Object {}}
          />
        </svg>
      </div>
    </div>
  </div>
</div>
`;

exports[`Brightcove tests on web will reset properly 1`] = `
<div
  className="rn-alignItems-1oszu61 rn-borderTopStyle-1efd50x rn-borderRightStyle-14skgim rn-borderBottomStyle-rull8r rn-borderLeftStyle-mm0ijv rn-borderTopWidth-13yce4e rn-borderRightWidth-fnigne rn-borderBottomWidth-ndvcnb rn-borderLeftWidth-gxnn5r rn-boxSizing-deolkf rn-cursor-1loqt21 rn-display-6koalj rn-flexShrink-1pxmb3b rn-flexBasis-7vfszb rn-flexDirection-eqz5dr rn-marginTop-1mnahxq rn-marginRight-61z16t rn-marginBottom-p1pxzi rn-marginLeft-11wrixw rn-minHeight-ifefl9 rn-minWidth-bcqeeo rn-paddingTop-wk8lta rn-paddingRight-9aemit rn-paddingBottom-1mdbw0j rn-paddingLeft-gy4na3 rn-position-bnwqim rn-touchAction-1gvxusu rn-zIndex-1lgpqti"
  onKeyDown={[Function]}
  onKeyUp={[Function]}
  onResponderGrant={[Function]}
  onResponderMove={[Function]}
  onResponderRelease={[Function]}
  onResponderTerminate={[Function]}
  onResponderTerminationRequest={[Function]}
  onStartShouldSetResponder={[Function]}
  style={
    Object {
      "height": "180px",
      "width": "320px",
    }
  }
  tabIndex="0"
>
  <div
    aria-label="splash-component"
    className="rn-alignItems-1oszu61 rn-borderTopStyle-1efd50x rn-borderRightStyle-14skgim rn-borderBottomStyle-rull8r rn-borderLeftStyle-mm0ijv rn-borderTopWidth-13yce4e rn-borderRightWidth-fnigne rn-borderBottomWidth-ndvcnb rn-borderLeftWidth-gxnn5r rn-boxSizing-deolkf rn-display-6koalj rn-flexShrink-1pxmb3b rn-flexBasis-7vfszb rn-flexDirection-eqz5dr rn-marginTop-1mnahxq rn-marginRight-61z16t rn-marginBottom-p1pxzi rn-marginLeft-11wrixw rn-minHeight-ifefl9 rn-minWidth-bcqeeo rn-paddingTop-wk8lta rn-paddingRight-9aemit rn-paddingBottom-1mdbw0j rn-paddingLeft-gy4na3 rn-position-bnwqim rn-zIndex-1lgpqti"
    data-testid="splash-component"
  >
    <div
      className="rn-alignItems-1oszu61 rn-backgroundColor-wib322 rn-backgroundPosition-vvn4in rn-backgroundRepeat-u6sd8q rn-backgroundSize-4gszlv rn-borderTopStyle-1efd50x rn-borderRightStyle-14skgim rn-borderBottomStyle-rull8r rn-borderLeftStyle-mm0ijv rn-borderTopWidth-13yce4e rn-borderRightWidth-fnigne rn-borderBottomWidth-ndvcnb rn-borderLeftWidth-gxnn5r rn-boxSizing-deolkf rn-display-6koalj rn-flexShrink-1pxmb3b rn-flexBasis-7vfszb rn-flexDirection-eqz5dr rn-marginTop-1mnahxq rn-marginRight-61z16t rn-marginBottom-p1pxzi rn-marginLeft-11wrixw rn-minHeight-ifefl9 rn-minWidth-bcqeeo rn-paddingTop-wk8lta rn-paddingRight-9aemit rn-paddingBottom-1mdbw0j rn-paddingLeft-gy4na3 rn-position-bnwqim rn-zIndex-1lgpqti"
      style={
        Object {
          "backgroundImage": "url(\\"data:image/gif;base64,R0lGODlhAQABAIAAAAUEBAAAACwAAAAAAQABAAACAkQBADs=\\")",
          "height": "180px",
          "width": "320px",
        }
      }
    >
      <img
        alt=""
        className="rn-bottom-1p0dtai rn-height-1pi2tsx rn-left-1d2f490 rn-opacity-1272l3b rn-position-u8s1d rn-right-zchlnj rn-top-ipm5af rn-width-13qz1uu rn-zIndex-1wyyakw"
        draggable={undefined}
        src="data:image/gif;base64,R0lGODlhAQABAIAAAAUEBAAAACwAAAAAAQABAAACAkQBADs="
      />
    </div>
    <div
      className="rn-alignItems-1awozwy rn-borderTopStyle-1efd50x rn-borderRightStyle-14skgim rn-borderBottomStyle-rull8r rn-borderLeftStyle-mm0ijv rn-borderTopWidth-13yce4e rn-borderRightWidth-fnigne rn-borderBottomWidth-ndvcnb rn-borderLeftWidth-gxnn5r rn-boxSizing-deolkf rn-display-6koalj rn-flex-13awgt0 rn-flexGrow-1m1wadx rn-flexShrink-1awmn5t rn-flexDirection-eqz5dr rn-justifyContent-1777fci rn-left-1d2f490 rn-marginTop-1mnahxq rn-marginRight-61z16t rn-marginBottom-p1pxzi rn-marginLeft-11wrixw rn-minHeight-ifefl9 rn-minWidth-bcqeeo rn-paddingTop-wk8lta rn-paddingRight-9aemit rn-paddingBottom-1mdbw0j rn-paddingLeft-gy4na3 rn-position-u8s1d rn-top-ipm5af rn-zIndex-1lgpqti"
      style={
        Object {
          "height": "180px",
          "width": "320px",
        }
      }
    >
      <div
        className="rn-alignItems-1oszu61 rn-borderTopStyle-1efd50x rn-borderRightStyle-14skgim rn-borderBottomStyle-rull8r rn-borderLeftStyle-mm0ijv rn-borderTopWidth-13yce4e rn-borderRightWidth-fnigne rn-borderBottomWidth-ndvcnb rn-borderLeftWidth-gxnn5r rn-boxSizing-deolkf rn-display-6koalj rn-flexShrink-1pxmb3b rn-flexBasis-7vfszb rn-flexDirection-eqz5dr rn-marginTop-1mnahxq rn-marginRight-61z16t rn-marginBottom-p1pxzi rn-marginLeft-11wrixw rn-minHeight-ifefl9 rn-minWidth-bcqeeo rn-paddingTop-wk8lta rn-paddingRight-9aemit rn-paddingBottom-1mdbw0j rn-paddingLeft-gy4na3 rn-position-bnwqim rn-zIndex-1lgpqti"
      >
        <svg
          height={70}
          style={Object {}}
          viewBox="0 0 100 100"
          width={70}
        >
          <rect
            fill="rgba(0,0,0)"
            fillOpacity="0.4"
            height="100"
            stroke="rgb(255,255,255)"
            strokeWidth="8"
            style={Object {}}
            width="100"
          />
          <polygon
            fill="rgb(255,255,255)"
            points="30,20 70,50 30,80"
            style={Object {}}
          />
        </svg>
      </div>
    </div>
  </div>
</div>
`;
